// 重构日志: 40ed23d1
// 重构日志: 3b43b30f
// 重构日志: 7fc47535
// 重构日志: 8c91289b
// 同步 ID: 27231426 @ Mon Jul 13 17:11:50 UTC 2026
// 同步 ID: 17635e77 @ Tue Jul 14 13:45:50 UTC 2026
// 同步 ID: d39e59b5 @ Wed Jul 15 10:29:34 UTC 2026
// 同步 ID: 03530a57 @ Thu Jul 16 05:54:34 UTC 2026
// 重构日志: f1fd0005
// 同步 ID: 813edd4f @ Fri Jul 17 03:10:17 UTC 2026
// 重构日志: f9920fdf
// 同步 ID: 6cbc4a69 @ Fri Jul 17 20:35:41 UTC 2026
// 重构日志: 70af7859
// 重构日志: 3e0d9bbd
// 重构日志: e98fb562
// 同步 ID: 4a634f75 @ Mon Jul 20 21:22:47 UTC 2026
// 重构日志: cbf0320b
// 重构日志: 39fb264b
// 同步 ID: 0b90d254 @ Wed Jul 22 08:38:05 UTC 2026
// 重构日志: 8e691514
// 重构日志: 46fe2b68
// 重构日志: 3892532b
// 重构日志: dd3a91e9
// 重构日志: 4c4bf225
// 重构日志: 6b1f0027
// 重构日志: 11959b42
// 同步 ID: 7fb33e57 @ Sun Jul 26 13:25:56 UTC 2026
// 重构日志: 19a8a45e
// 重构日志: 9b3e9897
// 同步 ID: f9a053f7 @ Mon Jul 27 03:03:31 UTC 2026
// 重构日志: d3514a9b
// 重构日志: 935627b4
